16:02:57 **** Incremental Build of configuration Debug for project 32_servo ****
make -j8 all 
arm-none-eabi-gcc "../Core/Src/main.c" -mcpu=cortex-m3 -std=gnu11 -g3 -DDEBUG -DUSE_HAL_DRIVER -DSTM32F103xB -c -I../Core/Inc -I../Drivers/STM32F1xx_HAL_Driver/Inc/Legacy -I../Drivers/STM32F1xx_HAL_Driver/Inc -I../Drivers/CMSIS/Device/ST/STM32F1xx/Include -I../Drivers/CMSIS/Include -O0 -ffunction-sections -fdata-sections -Wall -fstack-usage -fcyclomatic-complexity -MMD -MP -MF"Core/Src/main.d" -MT"Core/Src/main.o" --specs=nano.specs -mfloat-abi=soft -mthumb -o "Core/Src/main.o"
arm-none-eabi-gcc -o "32_servo.elf" @"objects.list"   -mcpu=cortex-m3 -T"C:\Users\yunch\STM32CubeIDE\workspace_1.12.0\32_servo\STM32F103RBTX_FLASH.ld" --specs=nosys.specs -Wl,-Map="32_servo.map" -Wl,--gc-sections -static --specs=nano.specs -mfloat-abi=soft -mthumb -Wl,--start-group -lc -lm -Wl,--end-group
Finished building target: 32_servo.elf
 
arm-none-eabi-size   32_servo.elf 
arm-none-eabi-objdump -h -S  32_servo.elf  > "32_servo.list"
   text	   data	    bss	    dec	    hex	filename
  12508	     20	   1692	  14220	   378c	32_servo.elf
Finished building: default.size.stdout
 
Finished building: 32_servo.list
 

16:02:58 Build Finished. 0 errors, 0 warnings. (took 1s.602ms)

