05:46:17 **** Build of configuration Debug for project adc_fnd ****
make -j8 all 
arm-none-eabi-gcc "../Core/Src/main.c" -mcpu=cortex-m3 -std=gnu11 -g3 -DDEBUG -DUSE_HAL_DRIVER -DSTM32F103xB -c -I../Core/Inc -I../Drivers/STM32F1xx_HAL_Driver/Inc/Legacy -I../Drivers/STM32F1xx_HAL_Driver/Inc -I../Drivers/CMSIS/Device/ST/STM32F1xx/Include -I../Drivers/CMSIS/Include -O0 -ffunction-sections -fdata-sections -Wall -fstack-usage -fcyclomatic-complexity -MMD -MP -MF"Core/Src/main.d" -MT"Core/Src/main.o" --specs=nano.specs -mfloat-abi=soft -mthumb -o "Core/Src/main.o"
arm-none-eabi-gcc -o "adc_fnd.elf" @"objects.list"   -mcpu=cortex-m3 -T"C:\Users\yunch\STM32CubeIDE\workspace_1.12.0\adc_fnd\STM32F103RBTX_FLASH.ld" --specs=nosys.specs -Wl,-Map="adc_fnd.map" -Wl,--gc-sections -static --specs=nano.specs -mfloat-abi=soft -mthumb -Wl,--start-group -lc -lm -Wl,--end-group
Finished building target: adc_fnd.elf
 
arm-none-eabi-size   adc_fnd.elf 
arm-none-eabi-objdump -h -S  adc_fnd.elf  > "adc_fnd.list"
   text	   data	    bss	    dec	    hex	filename
  16876	    228	   1788	  18892	   49cc	adc_fnd.elf
Finished building: default.size.stdout
 
Finished building: adc_fnd.list
 

05:46:20 Build Finished. 0 errors, 0 warnings. (took 2s.970ms)

