05:08:27 **** Incremental Build of configuration Debug for project doter1 ****
make -j8 all 
arm-none-eabi-gcc "../Core/Src/main.c" -mcpu=cortex-m3 -std=gnu11 -g3 -DDEBUG -DUSE_HAL_DRIVER -DSTM32F103xB -c -I../Core/Inc -I../Drivers/STM32F1xx_HAL_Driver/Inc/Legacy -I../Drivers/STM32F1xx_HAL_Driver/Inc -I../Drivers/CMSIS/Device/ST/STM32F1xx/Include -I../Drivers/CMSIS/Include -O0 -ffunction-sections -fdata-sections -Wall -fstack-usage -fcyclomatic-complexity -MMD -MP -MF"Core/Src/main.d" -MT"Core/Src/main.o" --specs=nano.specs -mfloat-abi=soft -mthumb -o "Core/Src/main.o"
arm-none-eabi-gcc -o "doter1.elf" @"objects.list"   -mcpu=cortex-m3 -T"C:\Users\yunch\STM32CubeIDE\workspace_1.12.0\doter1\STM32F103RBTX_FLASH.ld" --specs=nosys.specs -Wl,-Map="doter1.map" -Wl,--gc-sections -static --specs=nano.specs -mfloat-abi=soft -mthumb -Wl,--start-group -lc -lm -Wl,--end-group
Finished building target: doter1.elf
 
arm-none-eabi-size   doter1.elf 
arm-none-eabi-objdump -h -S  doter1.elf  > "doter1.list"
   text	   data	    bss	    dec	    hex	filename
   8452	     20	   1644	  10116	   2784	doter1.elf
Finished building: default.size.stdout
 
Finished building: doter1.list
 

05:08:30 Build Finished. 0 errors, 0 warnings. (took 3s.403ms)

