05:48:53 **** Incremental Build of configuration Debug for project moter2 ****
make -j8 all 
arm-none-eabi-gcc "../Core/Src/main.c" -mcpu=cortex-m3 -std=gnu11 -g3 -DDEBUG -DUSE_HAL_DRIVER -DSTM32F103xB -c -I../Core/Inc -I../Drivers/STM32F1xx_HAL_Driver/Inc/Legacy -I../Drivers/STM32F1xx_HAL_Driver/Inc -I../Drivers/CMSIS/Device/ST/STM32F1xx/Include -I../Drivers/CMSIS/Include -O0 -ffunction-sections -fdata-sections -Wall -fstack-usage -fcyclomatic-complexity -MMD -MP -MF"Core/Src/main.d" -MT"Core/Src/main.o" --specs=nano.specs -mfloat-abi=soft -mthumb -o "Core/Src/main.o"
arm-none-eabi-gcc -o "moter2.elf" @"objects.list"   -mcpu=cortex-m3 -T"C:\Users\yunch\STM32CubeIDE\workspace_1.12.0\moter2\STM32F103RBTX_FLASH.ld" --specs=nosys.specs -Wl,-Map="moter2.map" -Wl,--gc-sections -static --specs=nano.specs -mfloat-abi=soft -mthumb -Wl,--start-group -lc -lm -Wl,--end-group
Finished building target: moter2.elf
 
arm-none-eabi-size   moter2.elf 
arm-none-eabi-objdump -h -S  moter2.elf  > "moter2.list"
   text	   data	    bss	    dec	    hex	filename
   7816	     20	   1652	   9488	   2510	moter2.elf
Finished building: default.size.stdout
 
Finished building: moter2.list
 

05:48:55 Build Finished. 0 errors, 0 warnings. (took 2s.374ms)

