13:44:24 **** Incremental Build of configuration Debug for project moter3 ****
make -j8 all 
arm-none-eabi-gcc "../Core/Src/main.c" -mcpu=cortex-m3 -std=gnu11 -g3 -DDEBUG -DUSE_HAL_DRIVER -DSTM32F103xB -c -I../Core/Inc -I../Drivers/STM32F1xx_HAL_Driver/Inc/Legacy -I../Drivers/STM32F1xx_HAL_Driver/Inc -I../Drivers/CMSIS/Device/ST/STM32F1xx/Include -I../Drivers/CMSIS/Include -O0 -ffunction-sections -fdata-sections -Wall -fstack-usage -fcyclomatic-complexity -MMD -MP -MF"Core/Src/main.d" -MT"Core/Src/main.o" --specs=nano.specs -mfloat-abi=soft -mthumb -o "Core/Src/main.o"
arm-none-eabi-gcc -o "moter3.elf" @"objects.list"   -mcpu=cortex-m3 -T"C:\Users\yunch\STM32CubeIDE\workspace_1.12.0\moter3\STM32F103RBTX_FLASH.ld" --specs=nosys.specs -Wl,-Map="moter3.map" -Wl,--gc-sections -static --specs=nano.specs -mfloat-abi=soft -mthumb -Wl,--start-group -lc -lm -Wl,--end-group
Finished building target: moter3.elf
 
arm-none-eabi-size   moter3.elf 
arm-none-eabi-objdump -h -S  moter3.elf  > "moter3.list"
   text	   data	    bss	    dec	    hex	filename
  13148	    128	   1696	  14972	   3a7c	moter3.elf
Finished building: default.size.stdout
 
Finished building: moter3.list
 

13:44:26 Build Finished. 0 errors, 0 warnings. (took 2s.326ms)

