06:10:06 **** Incremental Build of configuration Debug for project PWM_3LED ****
make -j8 all 
arm-none-eabi-gcc "../Core/Src/main.c" -mcpu=cortex-m3 -std=gnu11 -g3 -DDEBUG -DUSE_HAL_DRIVER -DSTM32F103xB -c -I../Core/Inc -I../Drivers/STM32F1xx_HAL_Driver/Inc/Legacy -I../Drivers/STM32F1xx_HAL_Driver/Inc -I../Drivers/CMSIS/Device/ST/STM32F1xx/Include -I../Drivers/CMSIS/Include -O0 -ffunction-sections -fdata-sections -Wall -fstack-usage -fcyclomatic-complexity -MMD -MP -MF"Core/Src/main.d" -MT"Core/Src/main.o" --specs=nano.specs -mfloat-abi=soft -mthumb -o "Core/Src/main.o"
arm-none-eabi-gcc -o "PWM_3LED.elf" @"objects.list"   -mcpu=cortex-m3 -T"C:\Users\yunch\STM32CubeIDE\workspace_1.12.0\PWM_3LED\STM32F103RBTX_FLASH.ld" --specs=nosys.specs -Wl,-Map="PWM_3LED.map" -Wl,--gc-sections -static --specs=nano.specs -mfloat-abi=soft -mthumb -Wl,--start-group -lc -lm -Wl,--end-group
Finished building target: PWM_3LED.elf
 
arm-none-eabi-size   PWM_3LED.elf 
arm-none-eabi-objdump -h -S  PWM_3LED.elf  > "PWM_3LED.list"
   text	   data	    bss	    dec	    hex	filename
  14592	    120	   1744	  16456	   4048	PWM_3LED.elf
Finished building: default.size.stdout
 
Finished building: PWM_3LED.list
 

06:10:09 Build Finished. 0 errors, 0 warnings. (took 3s.63ms)

